-6.56121 -6.56026
-6.53436 -6.53479
-6.58944 -6.58931
-6.52969 -6.52871
-6.59728 -6.59749
-6.59112 -6.59036
-6.57118 -6.57093
-6.56751 -6.56704
-6.52674 -6.52622
-6.53043 -6.52961
-6.56138 -6.56192
-6.56253 -6.56212
-6.56886 -6.56974
-6.53013 -6.53058
-6.58026 -6.58037
-6.56182 -6.56258
-6.56229 -6.56154
-6.61331 -6.61362
-6.60683 -6.60697
-6.54933 -6.54862
-6.54225 -6.54196
-6.55969 -6.56098
-6.57004 -6.56957
-6.57188 -6.5713
-6.60745 -6.60629
-6.54344 -6.54359
-6.5752 -6.57547
-6.56606 -6.5662
-6.56151 -6.56104
-6.58571 -6.58574
-6.58104 -6.58076
-6.62246 -6.62095
-6.5777 -6.57847
-6.5724 -6.57161
-6.58408 -6.58427
-6.59495 -6.59453
-6.55405 -6.55465
-6.58241 -6.58135
-6.60526 -6.60557
-6.59285 -6.59272
-6.55751 -6.55697
-6.53478 -6.53465
-6.54316 -6.54325
-6.6166 -6.61617
-6.57551 -6.57601
-6.55586 -6.55615
-6.57489 -6.5747
-6.56865 -6.56851
-6.59937 -6.59942
-6.55378 -6.55269
-6.58649 -6.58658
-6.56475 -6.56504
-6.5828 -6.58194
-6.55765 -6.55842
-6.57165 -6.57087
-6.58095 -6.58109
-6.59194 -6.59162
-6.55874 -6.55984
-6.60011 -6.59911
-6.58347 -6.58291
-6.56684 -6.56616
-6.55628 -6.55742
-6.57104 -6.57184
-6.6127 -6.61263
-6.56158 -6.56163
-6.58727 -6.58626
-6.62321 -6.62145
-6.59602 -6.59622
-6.56251 -6.56251
-6.60944 -6.61006
-6.55762 -6.55847
-6.55624 -6.55747
-6.5851 -6.58468
-6.57734 -6.57659
-6.5562 -6.5566
-6.59471 -6.59495
-6.58869 -6.58787
-6.56453 -6.56487
-6.57727 -6.57743
-6.52344 -6.5229
-6.60411 -6.60286
-6.62093 -6.6208
-6.56958 -6.569
-6.56304 -6.5642
-6.56957 -6.56857
-6.56964 -6.5695
-6.57523 -6.57567
-6.57544 -6.57511
-6.61987 -6.61983
-6.56257 -6.56253
-6.60895 -6.60869
-6.59783 -6.59908
-6.56613 -6.56474
-6.56216 -6.56344
-6.58035 -6.57954
-6.55826 -6.55851
-6.56766 -6.56742
-6.56225 -6.56147
-6.5778 -6.57722
-6.60868 -6.60843
-6.59742 -6.59692
-6.5542 -6.55494
-6.57432 -6.57405
-6.5889 -6.58897
-6.57294 -6.57264
-6.55088 -6.55104
-6.60958 -6.61009
-6.5731 -6.57214
-6.58478 -6.58586
-6.57931 -6.57939
-6.57067 -6.57069
-6.57376 -6.57401
-6.58099 -6.58069
-6.57363 -6.57384
-6.5795 -6.57944
-6.58476 -6.58457
-6.58272 -6.58199
-6.55969 -6.56001
-6.56201 -6.56289
-6.60184 -6.60151
-6.57295 -6.57317
-6.6014 -6.6014
-6.5784 -6.57883
-6.57984 -6.57914
-6.59148 -6.59145
-6.56938 -6.56986
-6.57737 -6.57776
-6.56499 -6.56507
-6.5862 -6.58529
-6.56333 -6.56345
-6.58574 -6.58555
-6.5607 -6.56141
-6.57794 -6.57792
-6.57851 -6.57844
-6.60199 -6.60256
-6.57748 -6.57811
-6.59031 -6.59059
-6.58635 -6.58608
-6.59076 -6.59211
-6.57678 -6.57669
-6.57565 -6.57641
-6.58465 -6.58526
-6.57544 -6.57649
-6.57166 -6.57106
-6.5704 -6.56929
-6.57113 -6.57056
-6.60365 -6.60316
-6.55443 -6.55484
-6.57277 -6.57338
-6.56939 -6.57024
-6.61748 -6.61797
-6.5692 -6.5691
-6.60689 -6.60683
-6.58405 -6.58388
-6.58056 -6.57978
-6.59519 -6.59546
-6.56072 -6.56005
-6.5829 -6.58288
-6.57651 -6.57618
-6.57653 -6.57698
-6.56728 -6.56826
-6.57065 -6.57125
-6.57871 -6.57914
-6.5701 -6.56953
-6.57502 -6.57473
-6.57488 -6.57631
-6.57602 -6.57503
-6.58361 -6.58292
-6.57229 -6.57246
-6.56466 -6.56431
-6.57626 -6.57627
-6.59682 -6.59663
-6.57143 -6.57207
-6.59051 -6.5912
-6.59196 -6.59213
-6.56213 -6.56313
-6.56688 -6.56827
-6.54819 -6.54702
-6.5822 -6.58226
-6.55944 -6.55912
-6.55177 -6.55207
-6.57894 -6.57878
-6.55351 -6.55344
-6.58428 -6.58434
-6.56387 -6.5645
-6.56908 -6.56802
-6.57346 -6.57356
-6.5708 -6.57116
-6.56762 -6.56669
-6.55824 -6.55833
-6.59133 -6.59073
-6.57188 -6.57107
-6.55733 -6.5574
-6.56483 -6.5668
-6.55669 -6.55638
-6.60254 -6.60222
-6.58531 -6.58486
-6.55717 -6.55788
-6.56682 -6.56665
-6.61163 -6.61201
-6.56762 -6.56819
-6.59079 -6.59081
-6.61233 -6.61198
-6.59993 -6.5999
-6.58642 -6.58533
-6.59435 -6.5951
-6.57646 -6.57596
-6.58319 -6.58276
-6.5658 -6.5659
-6.56375 -6.56552
-6.57323 -6.5733
-6.58612 -6.58623
-6.62361 -6.62414
-6.54965 -6.5492
-6.56866 -6.56844
-6.6016 -6.60219
-6.60154 -6.60123
-6.56406 -6.56354
-6.58113 -6.58026
-6.55887 -6.55934
-6.55395 -6.5544
-6.57438 -6.57422
-6.5671 -6.56694
-6.57097 -6.572
-6.6098 -6.6092
-6.60417 -6.60431
-6.61254 -6.61246
-6.61275 -6.61295
-6.60787 -6.60786
-6.62069 -6.62086
-6.60901 -6.60872
-6.62502 -6.62497
-6.61705 -6.61682
-6.60848 -6.6081
-6.62294 -6.62267
-6.60616 -6.60598
-6.60315 -6.60311
-6.61824 -6.61814
-6.62292 -6.62313
-6.6173 -6.61706
-6.62211 -6.62184
-6.59829 -6.59829
-6.61301 -6.61248
-6.60862 -6.60762
-6.61371 -6.61344
-6.61675 -6.61638
-6.60431 -6.60471
-6.6063 -6.60675
-6.61216 -6.61232
-6.61536 -6.61517
-6.61242 -6.61222
-6.61398 -6.61402
-6.59928 -6.59902
-6.62058 -6.62072
-6.60238 -6.60201
-6.62593 -6.62589
-6.61144 -6.61077
-6.61556 -6.61568
-6.61937 -6.61985
-6.6043 -6.60406
-6.6241 -6.62385
-6.61991 -6.61936
-6.6074 -6.60617
-6.60329 -6.60367
-6.62275 -6.62268
-6.61521 -6.61558
-6.60839 -6.60898
-6.61248 -6.61179
-6.60453 -6.60357
-6.61791 -6.61744
-6.60751 -6.60696
-6.61127 -6.611
-6.6158 -6.61588
-6.61681 -6.61736
-6.6097 -6.60949
-6.62387 -6.62387
-6.60611 -6.60658
-6.60439 -6.60357
-6.62264 -6.62222
-6.61348 -6.61302
-6.6089 -6.60959
-6.61884 -6.6188
-6.60703 -6.60646
-6.62449 -6.62433
-6.60713 -6.60728
-6.62515 -6.6254
-6.60574 -6.60578
-6.61806 -6.61834
-6.60253 -6.60237
-6.60938 -6.60953
-6.61151 -6.61088
-6.61317 -6.61335
-6.61256 -6.61252
-6.61324 -6.61291
-6.61426 -6.61397
-6.60665 -6.60779
-6.60715 -6.60627
-6.61943 -6.61969
-6.62404 -6.6241
-6.62104 -6.62133
-6.60515 -6.60462
-6.61968 -6.61949
-6.60988 -6.61025
-6.60529 -6.60496
-6.62173 -6.62199
-6.61385 -6.61418
-6.6068 -6.6068
-6.626 -6.62584
-6.6171 -6.61718
-6.60884 -6.60823
-6.60744 -6.60755
-6.61121 -6.61074
-6.61395 -6.61343
-6.61127 -6.61125
-6.59752 -6.59682
-6.57192 -6.57212
-6.57526 -6.57487
-6.61967 -6.61928
-6.59546 -6.59566
-6.6002 -6.59944
-6.58947 -6.58975
-6.58073 -6.58174
-6.55141 -6.55091
-6.56543 -6.56694
-6.57167 -6.57141
-6.5789 -6.57876
-6.56663 -6.56697
-6.56071 -6.56055
-6.5773 -6.57755
-6.59885 -6.59865
-6.60231 -6.60314
-6.56509 -6.56541
-6.57605 -6.57684
-6.57067 -6.57157
-6.5771 -6.57711
-6.58049 -6.57997
-6.58198 -6.58262
-6.56953 -6.57066
-6.57926 -6.57939
-6.57505 -6.57401
-6.57041 -6.56907
-6.56436 -6.56447
-6.59485 -6.59462
-6.53185 -6.53228
-6.5386 -6.53882
-6.54934 -6.54922
-6.54514 -6.5442
-6.51679 -6.51698
-6.53657 -6.53624
-6.57861 -6.5783
-6.52925 -6.53234
-6.52998 -6.5292
-6.543 -6.54495
-6.52769 -6.52726
-6.58455 -6.58558
-6.50932 -6.51111
-6.54464 -6.54578
-6.55865 -6.55839
-6.52722 -6.5265
-6.52957 -6.53154
-6.56794 -6.56723
-6.56493 -6.56447
-6.51137 -6.5129
-6.51626 -6.51656
-6.52785 -6.52752
-6.5397 -6.53959
-6.50517 -6.50501
-6.56046 -6.56043
-6.5565 -6.55742
-6.52222 -6.52187
-6.53314 -6.53401
-6.54421 -6.54502
-6.53349 -6.53281
-6.52111 -6.52199
-6.54851 -6.5499
-6.52536 -6.52503
-6.51758 -6.51766
-6.5504 -6.55123
-6.54137 -6.54311
-6.53485 -6.53374
-6.55127 -6.55192
-6.53455 -6.53578
-6.5333 -6.53309
-6.5633 -6.56259
-6.54868 -6.54965
-6.52094 -6.51925
-6.56238 -6.56361
-6.53145 -6.53016
-6.54349 -6.544
-6.54152 -6.54182
-6.5408 -6.54167
-6.53349 -6.53475
-6.54171 -6.54078
-6.52077 -6.5215
-6.52149 -6.52037
-6.52765 -6.52697
-6.51376 -6.51388
-6.51212 -6.51364
-6.50047 -6.50267
-6.56153 -6.56129
-6.50764 -6.50749
-6.53521 -6.53543
-6.51526 -6.51654
-6.52286 -6.524
-6.53807 -6.53817
-6.53347 -6.5332
-6.53479 -6.53364
-6.52996 -6.53
-6.57725 -6.57674
-6.51329 -6.51327
-6.54575 -6.54557
-6.49923 -6.49837
-6.50111 -6.50149
-6.52284 -6.5226
-6.54111 -6.54107
-6.55564 -6.55679
-6.53372 -6.53337
-6.52742 -6.52706
-6.50431 -6.50555
-6.50711 -6.50801
-6.52569 -6.5262
-6.54559 -6.54566
-6.52704 -6.52559
-6.51177 -6.51058
-6.53715 -6.536
-6.55376 -6.55482
-6.51343 -6.51545
-6.51581 -6.51635
-6.5353 -6.53652
-6.52569 -6.52589
-6.54542 -6.54546
-6.51367 -6.51357
-6.5249 -6.52198
-6.53945 -6.54016
-6.52693 -6.52734
-6.53551 -6.53486
-6.55505 -6.55548
-6.53318 -6.5345
-6.53079 -6.53106
-6.55913 -6.5609
-6.52472 -6.52323
-6.52752 -6.52746
-6.52759 -6.52735
-6.56129 -6.56144
-6.53372 -6.53443
-6.52146 -6.52051
-6.50946 -6.50978
-6.51511 -6.51466
-6.50264 -6.50148
-6.51687 -6.51671
-6.535 -6.53517
-6.56513 -6.56674
-6.54928 -6.55013
-6.50692 -6.50482
-6.52229 -6.52069
-6.51189 -6.51086
-6.52371 -6.5246
-6.53388 -6.53461
-6.52153 -6.52171
-6.51716 -6.51764
-6.51315 -6.51266
-6.52147 -6.51988
-6.51799 -6.51648
-6.52214 -6.5235
-6.55374 -6.55361
-6.54005 -6.54013
-6.54519 -6.54525
-6.51079 -6.51199
-6.53014 -6.52989
-6.58462 -6.58541
-6.58538 -6.58539
-6.53413 -6.53384
-6.53335 -6.5323
-6.5583 -6.55809
-6.55963 -6.55864
-6.5589 -6.55866
-6.5468 -6.54562
-6.55436 -6.55565
-6.56064 -6.56064
-6.53757 -6.53841
-6.56089 -6.56151
-6.54962 -6.54855
-6.54381 -6.54303
-6.55063 -6.54991
-6.57527 -6.57469
-6.57044 -6.57095
-6.56497 -6.56513
-6.55384 -6.55371
-6.54836 -6.54801
-6.54837 -6.54919
-6.5473 -6.54686
-6.57746 -6.57789
-6.55379 -6.55328
-6.56893 -6.56816
-6.57473 -6.57499
-6.58099 -6.58117
-6.55181 -6.55256
-6.54882 -6.54915
-6.5488 -6.54806
-6.552 -6.55207
-6.56253 -6.56201
-6.55025 -6.5508
-6.56063 -6.5611
-6.56898 -6.56874
-6.54772 -6.54626
-6.56039 -6.56169
-6.54169 -6.54168
-6.54511 -6.54386
-6.54691 -6.54863
-6.54756 -6.54829
-6.54962 -6.54928
-6.56455 -6.56443
-6.54867 -6.5495
-6.54565 -6.54633
-6.56014 -6.56001
-6.57339 -6.57333
-6.55175 -6.55275
-6.57665 -6.57602
-6.57433 -6.57546
-6.56515 -6.56603
-6.57054 -6.57032
-6.54955 -6.54967
-6.57186 -6.57246
-6.56205 -6.56178
-6.55812 -6.55939
-6.56971 -6.56944
-6.54427 -6.54514
-6.5529 -6.55342
-6.55036 -6.55074
-6.55779 -6.55833
-6.55978 -6.55904
-6.56789 -6.56755
-6.57352 -6.57316
-6.54593 -6.5478
-6.55696 -6.55687
-6.5591 -6.55852
-6.55105 -6.55049
-6.56893 -6.56799
-6.56657 -6.56646
-6.56016 -6.56121
-6.53563 -6.53647
-6.55463 -6.5535
-6.54431 -6.54386
-6.55817 -6.55714
-6.54785 -6.54794
-6.5342 -6.53432
-6.54629 -6.54786
-6.56018 -6.56064
-6.56841 -6.56869
-6.60069 -6.60092
-6.58837 -6.58961
-6.57139 -6.57224
-6.61595 -6.61838
-6.5979 -6.59633
-6.62569 -6.62607
-6.58213 -6.58211
-6.58706 -6.58524
-6.57281 -6.57209
-6.58923 -6.58581
-6.62439 -6.62662
-6.6106 -6.61177
-6.60862 -6.61152
-6.59706 -6.59498
-6.58372 -6.58276
-6.60168 -6.6016
-6.60537 -6.60448
-6.61454 -6.61639
-6.60638 -6.60506
-6.60291 -6.60164
-6.59796 -6.59723
-6.6001 -6.59991
-6.59965 -6.59966
-6.61073 -6.61092
-6.58692 -6.58831
-6.60671 -6.60897
-6.595 -6.59404
-6.60383 -6.60315
-6.59254 -6.59011
-6.61447 -6.61439
-6.59913 -6.5969
-6.58642 -6.58717
-6.59542 -6.59593
-6.60422 -6.60262
-6.59618 -6.59782
-6.59487 -6.59256
-6.57982 -6.58211
-6.62766 -6.62666
-6.60789 -6.6092
-6.62533 -6.62343
-6.56063 -6.56015
-6.55451 -6.55575
-6.56517 -6.56538
-6.54948 -6.54952
-6.53795 -6.53915
-6.55786 -6.55826
-6.60124 -6.60171
-6.57912 -6.57873
-6.56262 -6.56052
-6.5663 -6.56521
-6.54852 -6.54725
-6.56445 -6.56365
-6.56127 -6.56084
-6.5759 -6.57562
-6.55632 -6.55588
-6.59327 -6.59276
-6.5774 -6.57606
-6.58859 -6.58803
-6.57423 -6.57387
-6.56627 -6.56653
-6.55348 -6.55291
-6.56866 -6.56808
-6.59466 -6.59472
-6.56426 -6.56372
-6.56737 -6.56679
-6.55 -6.54922
-6.55723 -6.55582
-6.58606 -6.58572
-6.55847 -6.55952
-6.57832 -6.57777
-6.56402 -6.56306
-6.5572 -6.55635
-6.56806 -6.56733
-6.57068 -6.57114
-6.59189 -6.59103
-6.58517 -6.58505
-6.59184 -6.59193
-6.57557 -6.57416
-6.55831 -6.55776
-6.57557 -6.57418
-6.55808 -6.55766
-6.56938 -6.56993
-6.56914 -6.56889
-6.56586 -6.56533
-6.56556 -6.56627
-6.56892 -6.56861
-6.55748 -6.55768
-6.57097 -6.57137
-6.57307 -6.57265
-6.56426 -6.5636
-6.58654 -6.5866
-6.59623 -6.5954
-6.58297 -6.58269
-6.57213 -6.57286
-6.58074 -6.58132
-6.55978 -6.5603
-6.58691 -6.58708
-6.56146 -6.56061
-6.55216 -6.55136
-6.5614 -6.56086
-6.58056 -6.58019
-6.59395 -6.59367
-6.58381 -6.58413
-6.56612 -6.5661
-6.55291 -6.55305
-6.57832 -6.57694
-6.56175 -6.5598
-6.5804 -6.57991
-6.59159 -6.59156
-6.56981 -6.56961
-6.54637 -6.54585
-6.56206 -6.5612
-6.58017 -6.57977
-6.59572 -6.59537
-6.56723 -6.56615
-6.57888 -6.5788
-6.56027 -6.55975
-6.57335 -6.57308
-6.56788 -6.56746
-6.5804 -6.57903
-6.59544 -6.59409
-6.55795 -6.55752
-6.54747 -6.54766
-6.58582 -6.58488
-6.54862 -6.54724
-6.55706 -6.55655
-6.58794 -6.58859
-6.54668 -6.54481
-6.56298 -6.56193
-6.55294 -6.55241
-6.56766 -6.56721
-6.57052 -6.56887
-6.55568 -6.5546
-6.57219 -6.57241
-6.55036 -6.55074
-6.58702 -6.58538
-6.55861 -6.55773
-6.56692 -6.56624
-6.5681 -6.56792
-6.554 -6.55341
-6.58956 -6.58903
-6.55813 -6.55852
-6.55637 -6.5561
-6.56058 -6.5601
-6.55601 -6.55575
-6.55814 -6.55834
-6.57398 -6.57285
-6.55305 -6.55298
-6.56863 -6.56871
-6.57016 -6.5694
-6.55397 -6.55424
-6.55229 -6.55139
-6.54838 -6.54745
-6.55138 -6.55088
-6.59049 -6.59127
-6.56107 -6.56214
-6.58625 -6.58692
-6.55683 -6.5573
-6.55377 -6.55337
-6.57715 -6.57568
-6.59273 -6.59334
-6.56162 -6.56321
-6.56459 -6.56326
-6.574 -6.57167
-6.5724 -6.57227
-6.55467 -6.55434
-6.5651 -6.56454
-6.5788 -6.57975
-6.53237 -6.53374
-6.57415 -6.57448
-6.56055 -6.56261
-6.59246 -6.5919
-6.61668 -6.61642
-6.57613 -6.57576
-6.55799 -6.55868
-6.59244 -6.59284
-6.54464 -6.54606
-6.57461 -6.57455
-6.57052 -6.57116
-6.55228 -6.55139
-6.57342 -6.57462
-6.58224 -6.58281
-6.5588 -6.55887
-6.5515 -6.55159
-6.5404 -6.53919
-6.55831 -6.55905
-6.5526 -6.55336
-6.53847 -6.5406
-6.55284 -6.55306
-6.6031 -6.60352
-6.5674 -6.56735
-6.59962 -6.59882
-6.55848 -6.55973
-6.56937 -6.56844
-6.54425 -6.5448
-6.55699 -6.55725
-6.56857 -6.56786
-6.5419 -6.54401
-6.56118 -6.56096
-6.56391 -6.56482
-6.53518 -6.53535
-6.54174 -6.54219
-6.57133 -6.57066
-6.56675 -6.56658
-6.57638 -6.57528
-6.56291 -6.56133
-6.55644 -6.55688
-6.57335 -6.57233
-6.54515 -6.54378
-6.5665 -6.56595
-6.59798 -6.59708
-6.56818 -6.56754
-6.5611 -6.56134
-6.56381 -6.56473
-6.56002 -6.5606
-6.55901 -6.55839
-6.54906 -6.54984
-6.61651 -6.61706
-6.617 -6.61712
-6.54397 -6.54414
-6.59066 -6.58949
-6.57353 -6.57347
-6.59008 -6.58945
-6.58216 -6.58322
-6.54504 -6.54473
-6.58669 -6.58653
-6.54482 -6.54385
-6.57044 -6.57167
-6.54988 -6.55069
-6.53097 -6.53195
-6.58684 -6.58637
-6.53527 -6.53666
-6.55944 -6.55878
-6.53924 -6.53927
-6.58982 -6.59016
-6.561 -6.55983
-6.60449 -6.60482
-6.53313 -6.53423
-6.55008 -6.54899
-6.55617 -6.55426
-6.59024 -6.58997
-6.57904 -6.57948
-6.53525 -6.53618
-6.59681 -6.59604
-6.59788 -6.59873
-6.55703 -6.55868
-6.54259 -6.5429
-6.59746 -6.59673
-6.54143 -6.54262
-6.52709 -6.52648
-6.53427 -6.53561
-6.55524 -6.55522
-6.53953 -6.53919
-6.54497 -6.54508
-6.54368 -6.544
-6.5495 -6.54927
-6.5568 -6.55732
-6.57414 -6.57478
-6.5587 -6.55778
-6.55981 -6.56067
-6.56893 -6.56907
-6.57606 -6.57593
-6.5438 -6.54469
-6.55846 -6.55965
-6.55551 -6.55532
-6.54514 -6.54438
-6.55679 -6.55694
-6.53896 -6.5396
-6.57995 -6.5795
-6.58443 -6.58306
-6.54096 -6.54163
-6.55751 -6.5583
-6.55447 -6.55441
-6.58911 -6.58921
-6.58292 -6.58235
-6.54583 -6.54561
-6.58168 -6.58194
-6.58349 -6.58396
-6.53881 -6.53903
-6.56684 -6.56714
-6.55285 -6.55263
-6.53293 -6.5316
-6.55053 -6.55248
-6.53802 -6.53589
-6.53384 -6.53421
-6.53901 -6.54063
-6.542 -6.54337
-6.55327 -6.55335
-6.54864 -6.54974
-6.54595 -6.54542
-6.54287 -6.5424
-6.57233 -6.57175
-6.57944 -6.57957
-6.57392 -6.57492
-6.55546 -6.5537
-6.58131 -6.58223
-6.54997 -6.55057
-6.54049 -6.54134
-6.57378 -6.57281
-6.53526 -6.53472
-6.53589 -6.53582
-6.55866 -6.55865
-6.60785 -6.60777
-6.5375 -6.53763
-6.5693 -6.56969
-6.61169 -6.61203
-6.54469 -6.54364
-6.54683 -6.54733
-6.57419 -6.57405
-6.56363 -6.56508
-6.57338 -6.5735
-6.54216 -6.54142
-6.5784 -6.57938
-6.55904 -6.55989
-6.55147 -6.5512
-6.58876 -6.58975
-6.5385 -6.53867
-6.53616 -6.53497
-6.56692 -6.56691
-6.53497 -6.5347
-6.5546 -6.55468
-6.57634 -6.57674
-6.54789 -6.54866
-6.57583 -6.57644
-6.55678 -6.55592
-6.57425 -6.57409
-6.58469 -6.58495
-6.54771 -6.54621
-6.54392 -6.5444
-6.55741 -6.55648
-6.57495 -6.57576
-6.55627 -6.55698
-6.54881 -6.55009
-6.55395 -6.55414
-6.56609 -6.56594
-6.54949 -6.54868
-6.54461 -6.5451
-6.54413 -6.54453
-6.53374 -6.53114
-6.53923 -6.53863
-6.56114 -6.5618
-6.54439 -6.54496
-6.53771 -6.53923
-6.54113 -6.54036
-6.54277 -6.54326
-6.54097 -6.54038
-6.5495 -6.55005
-6.56681 -6.56685
-6.53505 -6.53546
-6.57139 -6.57259
-6.55372 -6.55525
-6.53762 -6.53617
-6.56789 -6.56589
-6.58036 -6.57975
-6.58392 -6.58469
-6.57663 -6.57668
-6.54283 -6.54207
-6.55533 -6.55539
-6.5315 -6.53005
-6.60919 -6.60937
-6.55967 -6.55997
-6.54689 -6.54674
-6.54516 -6.54468
-6.54802 -6.54999
-6.55477 -6.55476
-6.56128 -6.56067
-6.57959 -6.58037
-6.58646 -6.58596
-6.56289 -6.56244
-6.55984 -6.5596
-6.5463 -6.54652
-6.57105 -6.57193
-6.54754 -6.54772
-6.57881 -6.5798
-6.56519 -6.56438
-6.56281 -6.56456
-6.56225 -6.56246
-6.54693 -6.54821
-6.5785 -6.57835
-6.56717 -6.5679
-6.58167 -6.58017
-6.55952 -6.56008
-6.54525 -6.54567
-6.54207 -6.54414
-6.58663 -6.58748
-6.59754 -6.59851
-6.5593 -6.55951
-6.57195 -6.57089
-6.54018 -6.5399
-6.57447 -6.57285
-6.56801 -6.56751
-6.5963 -6.59599
-6.58561 -6.58542
-6.5563 -6.55712
-6.55392 -6.55393
-6.57874 -6.57917
-6.56469 -6.56344
-6.59191 -6.5917
-6.54687 -6.54729
-6.54749 -6.54832
-6.58361 -6.58416
-6.56149 -6.56084
-6.5911 -6.59222
-6.56131 -6.56112
-6.58333 -6.58368
-6.54502 -6.54338
-6.5716 -6.57221
-6.56386 -6.56312
-6.5613 -6.56222
-6.5833 -6.58263
-6.57363 -6.5739
-6.53576 -6.53481
-6.55103 -6.55101
-6.57718 -6.57699
-6.60518 -6.60568
-6.56207 -6.56218
-6.55195 -6.55139
-6.55867 -6.55845
-6.54944 -6.54926
-6.57343 -6.57381
-6.55647 -6.55548
-6.59898 -6.5996
-6.59543 -6.59526
-6.56486 -6.56434
-6.59032 -6.59095
-6.56483 -6.56519
-6.5797 -6.57901
-6.60059 -6.60121
-6.54917 -6.54843
-6.55114 -6.55091
-6.57311 -6.57475
-6.5361 -6.53568
-6.5755 -6.57625
-6.55436 -6.55577
-6.54586 -6.54723
-6.57599 -6.57546
-6.5846 -6.58423
-6.55543 -6.5567
-6.5701 -6.56901
-6.58459 -6.58466
-6.55531 -6.55588
-6.54928 -6.54951
-6.55952 -6.55967
-6.5613 -6.56178
-6.55846 -6.55814
-6.59572 -6.59511
-6.55894 -6.55779
-6.56522 -6.56508
-6.56916 -6.56931
-6.60655 -6.60639
-6.57126 -6.57099
-6.56201 -6.56258
-6.57749 -6.57604
-6.55513 -6.55383
-6.56467 -6.56555
-6.57357 -6.57305
-6.55894 -6.56075
-6.56464 -6.56574
-6.54573 -6.54614
-6.59183 -6.5919
-6.57781 -6.57739
-6.55016 -6.55089
-6.54218 -6.54252
-6.58747 -6.58785
-6.57799 -6.57801
-6.58493 -6.58524
-6.53182 -6.5326
-6.55213 -6.5511
-6.55866 -6.56006
-6.5715 -6.57155
-6.55705 -6.55692
-6.5719 -6.57158
-6.5571 -6.55813
-6.58585 -6.58498
-6.54632 -6.54716
-6.53838 -6.53703
-6.59477 -6.59509
-6.544 -6.5433
-6.57314 -6.57539
-6.55376 -6.55456
-6.55316 -6.55503
-6.55949 -6.55823
-6.58415 -6.58521
-6.55679 -6.55607
-6.57435 -6.57479
-6.54857 -6.54722
-6.55969 -6.55963
-6.57599 -6.57708
-6.55683 -6.55598
-6.55596 -6.55569
-6.60328 -6.60284
-6.55991 -6.55875
-6.56896 -6.56836
-6.58564 -6.58543
-6.59275 -6.59269
-6.54051 -6.54141
-6.60416 -6.60511
-6.54879 -6.54907
-6.55594 -6.55654
-6.59048 -6.59044
-6.54871 -6.54954
-6.60221 -6.60211
-6.56821 -6.56867
-6.55912 -6.55971
-6.56369 -6.5643
-6.5633 -6.56342
-6.56846 -6.56849
-6.57156 -6.57159
-6.55797 -6.56025
-6.56627 -6.56555
-6.55384 -6.55351
-6.58707 -6.5882
-6.56095 -6.56165
-6.54032 -6.54068
-6.55706 -6.5559
-6.54734 -6.54847
-6.57984 -6.58099
-6.57337 -6.5732
-6.55787 -6.55822
-6.56185 -6.56198
-6.59328 -6.59282
-6.54883 -6.54957
-6.56083 -6.56108
-6.55285 -6.55327
-6.5739 -6.57372
-6.56504 -6.56508
-6.59195 -6.59305
-6.55483 -6.55397
-6.57023 -6.571
-6.5672 -6.56745
-6.56027 -6.55874
-6.54526 -6.54682
-6.56349 -6.56468
-6.57511 -6.57559
-6.54452 -6.54601
-6.55125 -6.55106
-6.55022 -6.5489
-6.57183 -6.57236
-6.55582 -6.55456
-6.55677 -6.55731
-6.55149 -6.55087
-6.56888 -6.56814
-6.59519 -6.595
-6.55164 -6.55265
-6.59275 -6.59324
-6.56049 -6.5605
-6.57419 -6.57464
-6.55268 -6.55307
-6.5941 -6.59416
-6.59089 -6.59045
-6.5669 -6.56583
-6.58354 -6.58494
-6.56018 -6.55816
-6.56686 -6.56677
-6.57658 -6.57729
-6.55546 -6.55566
-6.54796 -6.54826
-6.5641 -6.56354
-6.5776 -6.5767
-6.57994 -6.57938
-6.5634 -6.56452
-6.59068 -6.59008
-6.55088 -6.55065
-6.55251 -6.55318
-6.5425 -6.54332
-6.55481 -6.55462
-6.5701 -6.56996
-6.55804 -6.55785
-6.60127 -6.60144
-6.58789 -6.58904
-6.57737 -6.5768
-6.58219 -6.58283
-6.55513 -6.55493
-6.54257 -6.54186
-6.56216 -6.56128
-6.57339 -6.57382
-6.58909 -6.58907
-6.54977 -6.5502
-6.54188 -6.54227
-6.54671 -6.54569
-6.54885 -6.54921
-6.57252 -6.57341
-6.5687 -6.56878
-6.54882 -6.55088
-6.54103 -6.53993
-6.57025 -6.56912
-6.57327 -6.57447
-6.55315 -6.55292
